=== TMP WORKTREE: /tmp/ship-reflector-skin-fix/ej200/main ===
--- HEAD ---
b681101fae489136d178904c444c691b2fb51f25
main
--- log -n 5 ---
b681101 (HEAD -> main) fix(optics): replace reflector volumes with bar skin surface
4e46959 (tag: checkpoint/pre-physics-baseline-2026-05-08, origin/main) fix(optics): add reflector panels and photon-yield diagnostics
f834f65 chore(optics): tune reflector panels to validated high reflectivity
f07ea21 fix(geom): place BarPV directly in WorldLV with explicit reflector panels
79bed03 fix(optics): replace border surface with LogicalSkinSurface on WrapLV
--- conflicts ---
/tmp/ship-reflector-skin-fix/ej200/main/include/DetectorConstruction.hh:20:<<<<<<< HEAD
/tmp/ship-reflector-skin-fix/ej200/main/include/DetectorConstruction.hh:33:>>>>>>> f39b84c (fix(optics): replace reflector volumes with bar skin surface)
--- G4LogicalSkinSurface in src (not bak) ---
--- ReflectorPV in src (not bak) ---
/tmp/ship-reflector-skin-fix/ej200/main/src/DetectorConstruction.cc:274:        reflYMinusLV, "ReflectorYMinusPV", worldLV, false, 0, true);
/tmp/ship-reflector-skin-fix/ej200/main/src/DetectorConstruction.cc:277:        reflZLV, "ReflectorZMinusPV", worldLV, false, 3, true);
/tmp/ship-reflector-skin-fix/ej200/main/src/DetectorConstruction.cc:280:        reflZLV, "ReflectorZPlusPV", worldLV, false, 4, true);
/tmp/ship-reflector-skin-fix/ej200/main/src/DetectorConstruction.cc:306:        reflYPlusLV, "ReflectorYPlusPV", worldLV, false, 5, true);
--- diff --stat ---
--- diff --cached --stat ---
--- show HEAD --stat ---
commit b681101fae489136d178904c444c691b2fb51f25
Author: dowiyogo <dowiyogo@gmail.com>
Date:   Thu Jun 18 08:37:01 2026 +0200

    fix(optics): replace reflector volumes with bar skin surface
    
    Remove thin air-filled reflector sibling volumes that caused
    post-reflection optical-photon steps in the scintillator to be timed
    with the air group velocity.
    
    Apply the existing branch-specific reflector optical properties as a
    G4LogicalSkinSurface on the scintillator logical volume while
    preserving explicit bar-to-SiPM border surfaces.
    
    This prevents reflector-volume touchable aliasing in G4Transportation
