=== WORKTREE: /tmp/ej200-wrap-diag-worktree ===
M  include/DetectorConstruction.hh
M  src/DetectorConstruction.cc
D  tests/check_endtop_balance.py
M  tests/readout_config_check.cc
--- HEAD ---
2db2f4f104a6e0ef2b02036feea2af41f0d01760
backup/photon-budget-worktree
--- log -n 5 ---
2db2f4f (HEAD -> backup/photon-budget-worktree) fix(optics): replace reflector volumes with bar skin surface
81e242d (origin/backup/photon-budget-worktree) Backup worktree: capture analysis and run changes (photon budget diagnostics)
6c074eb test(geom): guardrail for readout-config wrapping
0f781fa feat(config): log active readout config and per-face wrapping state
0aa5d92 feat(geom): readout configuration selector (End/Top/EndTop)
--- conflicts ---
--- G4LogicalSkinSurface ---
--- ReflectorPV ---
/tmp/ej200-wrap-diag-worktree/src/DetectorConstruction.cc:252:        reflYMinusLV, "ReflectorYMinusPV", worldLV, false, 0, true);
/tmp/ej200-wrap-diag-worktree/src/DetectorConstruction.cc:270:            reflYMinusLV, "ReflectorYPlusPV", worldLV, false, 5, true);
--- diff --stat ---
--- show HEAD --stat ---
commit 2db2f4f104a6e0ef2b02036feea2af41f0d01760
Author: dowiyogo <dowiyogo@gmail.com>
Date:   Thu Jun 18 08:37:01 2026 +0200

    fix(optics): replace reflector volumes with bar skin surface
    
    Remove thin air-filled reflector sibling volumes that caused
    post-reflection optical-photon steps in the scintillator to be timed
    with the air group velocity.
    
