=== TMP WORKTREE: /tmp/ship-reflector-skin-fix/ej200/feat_ej204-event-display-tracks ===
--- HEAD ---
b2718c42c339bbc01e77d020d1d8fe7d27956024
feat/ej204-event-display-tracks
--- log -n 5 ---
b2718c4 (HEAD -> feat/ej204-event-display-tracks) fix(optics): replace reflector volumes with bar skin surface
c93502b Add selective optical trajectory storage for EJ-204 event display
c6e7843 EXEC_13 delivery fix: nombres de macro sin dígitos (fuga en portada); sigma_core robusto (MAD) + chi2 visible; caption F5; nota SPTR
a7d22a3 (tag: pre-exec13-deliveryfix) EXEC_13: resolución núcleo-vs-cola del Top nearest + frame de conclusión (datos EJ-204)
015b4e7 (tag: pre-exec13-resolution) EXEC_13: ediciones manuales de escalas/recorte LaTeX (R. Ríos), no del agente
--- conflicts ---
NONE
--- G4LogicalSkinSurface ---
/tmp/ship-reflector-skin-fix/ej200/feat_ej204-event-display-tracks/include/DetectorConstruction.hh:22://     └─ Reflector optical properties on BarLV (G4LogicalSkinSurface)
/tmp/ship-reflector-skin-fix/ej200/feat_ej204-event-display-tracks/src/DetectorConstruction.cc:10:#include "G4LogicalSkinSurface.hh"
/tmp/ship-reflector-skin-fix/ej200/feat_ej204-event-display-tracks/src/DetectorConstruction.cc:256:    auto* barSkin = new G4LogicalSkinSurface("BarSkin", barLV, reflector);
/tmp/ship-reflector-skin-fix/ej200/feat_ej204-event-display-tracks/tests/readout_config_check.cc:4:#include "G4LogicalSkinSurface.hh"
/tmp/ship-reflector-skin-fix/ej200/feat_ej204-event-display-tracks/tests/readout_config_check.cc:36:    auto* skin = G4LogicalSkinSurface::GetSurface(barLV);
--- ReflectorPV ---
--- branch-specific APIs for endonly ---
--- diff --stat ---
--- diff --cached --stat ---
